COMMANDE LOGIQUE
python C:\Users\chris\Desktop\Code\TracesPresenter\Traces_presenter\Jupyter\Chaine\scripts_Nowledgeable\eq_Nowledgeable.py C:\Users\chris\Desktop\Code\TracesPresenter\Traces_presenter\Jupyter\Chaine\data\session_13568_answers_corrige.csv C:\Users\chris\Desktop\Code\TracesPresenter\Traces_presenter\Jupyter\Chaine\csv\ErrorQuotient_Nowledgeable.csv

SORTIE DU SCRIPT
2026-07-15 07:15:39,807 [INFO ]  Chargement de C:\Users\chris\Desktop\Code\TracesPresenter\Traces_presenter\Jupyter\Chaine\data\session_13568_answers_corrige.csv …
2026-07-15 07:15:39,827 [INFO ]    1422 lignes, 14 colonnes
2026-07-15 07:15:39,834 [INFO ]  71 soumission(s) dupliquée(s) par answerUuid ont été retirées
2026-07-15 07:15:39,902 [INFO ]  30 étudiant(s) trouvé(s)
2026-07-15 07:15:39,905 [INFO ]    10032 : EQ = 0.1727 (10 paire(s))
2026-07-15 07:15:39,909 [INFO ]    10056 : EQ = 0.7751 (19 paire(s))
2026-07-15 07:15:39,913 [INFO ]    10058 : EQ = 0.5000 (2 paire(s))
2026-07-15 07:15:39,917 [INFO ]    10119 : EQ = 0.2025 (22 paire(s))
2026-07-15 07:15:39,920 [INFO ]    10120 : EQ = 1.0000 (3 paire(s))
2026-07-15 07:15:39,923 [INFO ]    10121 : EQ = 0.4783 (23 paire(s))
2026-07-15 07:15:39,925 [INFO ]    10123 : EQ = 0.8636 (2 paire(s))
2026-07-15 07:15:39,928 [INFO ]    10124 : EQ = 0.5080 (17 paire(s))
2026-07-15 07:15:39,931 [INFO ]    10126 : EQ = 0.7143 (7 paire(s))
2026-07-15 07:15:39,934 [INFO ]    10127 : EQ = 0.5000 (14 paire(s))
2026-07-15 07:15:39,937 [INFO ]    10129 : EQ = 0.0000 (2 paire(s))
2026-07-15 07:15:39,940 [INFO ]    10132 : EQ = 0.9174 (22 paire(s))
2026-07-15 07:15:39,943 [INFO ]    10133 : EQ = 0.9659 (8 paire(s))
2026-07-15 07:15:39,946 [INFO ]    10222 : EQ = 0.2727 (9 paire(s))
2026-07-15 07:15:39,951 [INFO ]    10231 : EQ = 0.5395 (46 paire(s))
2026-07-15 07:15:39,953 [INFO ]    10232 : EQ = 0.8000 (5 paire(s))
2026-07-15 07:15:39,956 [INFO ]    10233 : EQ = 1.0000 (8 paire(s))
2026-07-15 07:15:39,959 [INFO ]    10453 : EQ = 0.6900 (39 paire(s))
2026-07-15 07:15:39,962 [INFO ]    10454 : EQ = 0.4298 (11 paire(s))
2026-07-15 07:15:39,966 [INFO ]    10455 : EQ = 0.9848 (36 paire(s))
2026-07-15 07:15:39,968 [INFO ]    10457 : EQ = 0.4205 (16 paire(s))
2026-07-15 07:15:39,971 [WARNI]    10460 : aucune paire avec feedback de compilation observable — ignoré
2026-07-15 07:15:39,973 [INFO ]    10649 : EQ = 1.0000 (1 paire(s))
2026-07-15 07:15:39,979 [INFO ]    10657 : EQ = 0.6515 (36 paire(s))
2026-07-15 07:15:39,982 [INFO ]    10658 : EQ = 0.9293 (18 paire(s))
2026-07-15 07:15:39,983 [WARNI]    10659 : aucune paire avec feedback de compilation observable — ignoré
2026-07-15 07:15:39,985 [INFO ]    10938 : EQ = 1.0000 (3 paire(s))
2026-07-15 07:15:39,988 [INFO ]    10939 : EQ = 0.6250 (16 paire(s))
2026-07-15 07:15:39,991 [INFO ]    11714 : EQ = 0.3636 (2 paire(s))
2026-07-15 07:15:39,992 [INFO ]    723 : EQ = 0.0000 (1 paire(s))
2026-07-15 07:15:39,992 [INFO ]  2 étudiant(s) ignoré(s) (aucune paire observable)
2026-07-15 07:15:39,993 [INFO ]  Résultat écrit dans C:\Users\chris\Desktop\Code\TracesPresenter\Traces_presenter\Jupyter\Chaine\csv\ErrorQuotient_Nowledgeable.csv (28 étudiants)
