COMMANDE LOGIQUE
python C:\Users\chris\Desktop\Code\TracesPresenter\Traces_presenter\Jupyter\Chaine\scripts_Mirabelle\session_count_Mirabelle.py C:\Users\chris\Desktop\Code\TracesPresenter\Traces_presenter\Jupyter\Chaine\data\traces_20_sept_10_11.csv C:\Users\chris\Desktop\Code\TracesPresenter\Traces_presenter\Jupyter\Chaine\csv\session_count.csv 5.0

SORTIE DU SCRIPT
2026-07-08 00:33:14,857 [INFO ]  Chargement de C:\Users\chris\Desktop\Code\TracesPresenter\Traces_presenter\Jupyter\Chaine\data\traces_20_sept_10_11.csv …
2026-07-08 00:33:14,962 [INFO ]    1836 lignes, 34 colonnes
2026-07-08 00:33:14,962 [INFO ]  66 étudiant(s) trouvé(s)
2026-07-08 00:33:14,967 [INFO ]    alimente.cadriez : 1 session(s)  (2 Run.Test)
2026-07-08 00:33:14,968 [INFO ]    apercevra.conter : 3 session(s)  (15 Run.Test)
2026-07-08 00:33:14,970 [INFO ]    atroce.adjugerez : 1 session(s)  (6 Run.Test)
2026-07-08 00:33:14,970 [WARNI]    auspices.heurtoir : aucun Run.Test — ignoré
2026-07-08 00:33:14,972 [INFO ]    avereront.vouees : 3 session(s)  (8 Run.Test)
2026-07-08 00:33:14,973 [INFO ]    avertis.cormoran : 1 session(s)  (1 Run.Test)
2026-07-08 00:33:14,974 [INFO ]    avouait.happes : 3 session(s)  (7 Run.Test)
2026-07-08 00:33:14,976 [INFO ]    becquee.aerait : 4 session(s)  (16 Run.Test)
2026-07-08 00:33:14,978 [INFO ]    borderais.calmait : 3 session(s)  (13 Run.Test)
2026-07-08 00:33:14,979 [INFO ]    cokefier.survolait : 5 session(s)  (7 Run.Test)
2026-07-08 00:33:14,980 [INFO ]    cougouars.balayes : 2 session(s)  (2 Run.Test)
2026-07-08 00:33:14,981 [WARNI]    coulerons.elisiez : aucun Run.Test — ignoré
2026-07-08 00:33:14,982 [INFO ]    crantes.mutes : 3 session(s)  (12 Run.Test)
2026-07-08 00:33:14,984 [INFO ]    debacler.decores : 2 session(s)  (6 Run.Test)
2026-07-08 00:33:14,985 [INFO ]    decalques.avenu : 2 session(s)  (32 Run.Test)
2026-07-08 00:33:14,986 [INFO ]    decernera.promesse : 3 session(s)  (6 Run.Test)
2026-07-08 00:33:14,988 [INFO ]    deprime.grondions : 1 session(s)  (2 Run.Test)
2026-07-08 00:33:14,989 [INFO ]    deraser.mouilliez : 4 session(s)  (35 Run.Test)
2026-07-08 00:33:14,990 [INFO ]    dotait.huilerons : 2 session(s)  (2 Run.Test)
2026-07-08 00:33:14,991 [WARNI]    ecrieriez.indemnes : aucun Run.Test — ignoré
2026-07-08 00:33:14,992 [INFO ]    egalisiez.pendrons : 2 session(s)  (5 Run.Test)
2026-07-08 00:33:14,993 [WARNI]    epargnent.torpille : aucun Run.Test — ignoré
2026-07-08 00:33:14,994 [INFO ]    estompes.renomme : 2 session(s)  (2 Run.Test)
2026-07-08 00:33:14,995 [WARNI]    fanees.disserter : aucun Run.Test — ignoré
2026-07-08 00:33:14,995 [WARNI]    flaneras.irriguer : aucun Run.Test — ignoré
2026-07-08 00:33:14,997 [INFO ]    forestier.redonnes : 3 session(s)  (6 Run.Test)
2026-07-08 00:33:14,997 [WARNI]    formol.resumiez : aucun Run.Test — ignoré
2026-07-08 00:33:14,998 [INFO ]    fouinez.superflu : 4 session(s)  (12 Run.Test)
2026-07-08 00:33:14,999 [WARNI]    fraisures.culinaire : aucun Run.Test — ignoré
2026-07-08 00:33:15,000 [INFO ]    gueules.bouderons : 2 session(s)  (17 Run.Test)
2026-07-08 00:33:15,001 [INFO ]    haschich.ecoeurait : 4 session(s)  (10 Run.Test)
2026-07-08 00:33:15,003 [INFO ]    importons.boulaie : 4 session(s)  (5 Run.Test)
2026-07-08 00:33:15,004 [INFO ]    irriteras.taquinant : 2 session(s)  (18 Run.Test)
2026-07-08 00:33:15,005 [INFO ]    lamineurs.etatisees : 3 session(s)  (11 Run.Test)
2026-07-08 00:33:15,006 [WARNI]    loriot.puzzle : aucun Run.Test — ignoré
2026-07-08 00:33:15,007 [INFO ]    matraque.ramier : 3 session(s)  (7 Run.Test)
2026-07-08 00:33:15,008 [WARNI]    native.colosses : aucun Run.Test — ignoré
2026-07-08 00:33:15,010 [INFO ]    neuviemes.doperiez : 3 session(s)  (6 Run.Test)
2026-07-08 00:33:15,011 [INFO ]    offrirait.rendors : 1 session(s)  (14 Run.Test)
2026-07-08 00:33:15,013 [INFO ]    penombres.intermede : 1 session(s)  (1 Run.Test)
2026-07-08 00:33:15,014 [INFO ]    pervenche.saturera : 2 session(s)  (2 Run.Test)
2026-07-08 00:33:15,015 [INFO ]    plastique.ratatines : 3 session(s)  (15 Run.Test)
2026-07-08 00:33:15,017 [INFO ]    postuler.petrifie : 4 session(s)  (10 Run.Test)
2026-07-08 00:33:15,017 [WARNI]    purifiera.tenonner : aucun Run.Test — ignoré
2026-07-08 00:33:15,018 [INFO ]    rayonnage.atterrait : 2 session(s)  (6 Run.Test)
2026-07-08 00:33:15,020 [INFO ]    reclus.ridee : 4 session(s)  (6 Run.Test)
2026-07-08 00:33:15,020 [WARNI]    recousons.faisais : aucun Run.Test — ignoré
2026-07-08 00:33:15,020 [WARNI]    reculs.levais : aucun Run.Test — ignoré
2026-07-08 00:33:15,021 [WARNI]    refondrez.purifies : aucun Run.Test — ignoré
2026-07-08 00:33:15,022 [INFO ]    reformais.glissais : 5 session(s)  (11 Run.Test)
2026-07-08 00:33:15,023 [WARNI]    regreer.editee : aucun Run.Test — ignoré
2026-07-08 00:33:15,023 [WARNI]    rigidites.refais : aucun Run.Test — ignoré
2026-07-08 00:33:15,025 [INFO ]    roulant.vrilla : 2 session(s)  (4 Run.Test)
2026-07-08 00:33:15,026 [INFO ]    sachent.gares : 1 session(s)  (3 Run.Test)
2026-07-08 00:33:15,026 [WARNI]    seconds.etagerais : aucun Run.Test — ignoré
2026-07-08 00:33:15,028 [INFO ]    sommes.leveras : 4 session(s)  (7 Run.Test)
2026-07-08 00:33:15,029 [INFO ]    sondez.diligence : 3 session(s)  (21 Run.Test)
2026-07-08 00:33:15,030 [WARNI]    sportif.oculiste : aucun Run.Test — ignoré
2026-07-08 00:33:15,031 [INFO ]    sulfatees.frisa : 3 session(s)  (20 Run.Test)
2026-07-08 00:33:15,032 [INFO ]    targuions.detaille : 1 session(s)  (1 Run.Test)
2026-07-08 00:33:15,033 [INFO ]    tisses.indolent : 4 session(s)  (18 Run.Test)
2026-07-08 00:33:15,035 [INFO ]    tonifiais.tour : 4 session(s)  (12 Run.Test)
2026-07-08 00:33:15,036 [INFO ]    tribunes.carrosse : 1 session(s)  (1 Run.Test)
2026-07-08 00:33:15,037 [INFO ]    triplais.allonge : 2 session(s)  (3 Run.Test)
2026-07-08 00:33:15,039 [INFO ]    vaches.recopiera : 2 session(s)  (4 Run.Test)
2026-07-08 00:33:15,040 [INFO ]    verrues.clamais : 3 session(s)  (16 Run.Test)
2026-07-08 00:33:15,040 [INFO ]  18 étudiant(s) ignoré(s) (aucun Run.Test)
2026-07-08 00:33:15,041 [INFO ]  Résultat écrit dans C:\Users\chris\Desktop\Code\TracesPresenter\Traces_presenter\Jupyter\Chaine\csv\session_count.csv  (48 étudiant(s))
